[tanshcreative.com/olyve-st-preview/index.html]
[backblue.gif]
[fade.gif]
[index.html]
[tanshcreative.com/olyve-st-preview/assets/images/icons/favicon.png]
[tanshcreative.com/olyve-st-preview/assets/images/icons/cropped-favicon-192x192.png]
[tanshcreative.com/olyve-st-preview/assets/images/icons/cropped-favicon-180x180.png]
[tanshcreative.com/olyve-st-preview/assets/images/icons/cropped-favicon-270x270.png]
[tanshcreative.com/olyve-st-preview/assets/images/logo.png]
[tanshcreative.com/olyve-st-preview/articles.html]
[tanshcreative.com/olyve-st-preview/article-single.html]
[tanshcreative.com/olyve-st-preview/404.html]
[tanshcreative.com/olyve-st-preview/elements.html]
[tanshcreative.com/olyve-st-preview/portfolio-single.html]
[fonts.gstatic.com/s/e/notoemoji/latest/2728/512.gif]
[tanshcreative.com/olyve-st-preview/assets/images/about-photo.jpg]
[tanshcreative.com/olyve-st-preview/assets/images/folio-img1.jpg]
[tanshcreative.com/olyve-st-preview/assets/images/folio-img2.jpg]
[tanshcreative.com/olyve-st-preview/assets/images/folio-img3.jpg]
[tanshcreative.com/olyve-st-preview/assets/images/folio-img4.jpg]
[tanshcreative.com/olyve-st-preview/assets/images/about-small.jpg]
[fonts.gstatic.com/s/e/notoemoji/latest/1f44b/512.gif]
[tanshcreative.com/olyve-st-preview/assets/images/sm-logo1.png]
[tanshcreative.com/olyve-st-preview/assets/images/sm-logo2.png]
[tanshcreative.com/olyve-st-preview/assets/images/sm-logo3.png]
[tanshcreative.com/olyve-st-preview/assets/images/sm-logo4.png]
[tanshcreative.com/olyve-st-preview/assets/images/sm-logo5.png]
[tanshcreative.com/olyve-st-preview/assets/images/sm-logo6.png]
[tanshcreative.com/olyve-st-preview/assets/images/sm-logo7.png]
[tanshcreative.com/olyve-st-preview/assets/images/sm-logo8.png]
[tanshcreative.com/olyve-st-preview/assets/images/sm-logo9.png]
[tanshcreative.com/olyve-st-preview/assets/images/sm-logo10.png]
[tanshcreative.com/olyve-st-preview/assets/images/sm-logo11.png]
[tanshcreative.com/olyve-st-preview/assets/images/sm-logo12.png]
[tanshcreative.com/olyve-st-preview/assets/images/testm-user1.jpg]
[tanshcreative.com/olyve-st-preview/assets/images/testm-user2.jpg]
[tanshcreative.com/olyve-st-preview/assets/images/testm-user3.jpg]
[tanshcreative.com/olyve-st-preview/assets/images/post-img1.jpg]
[tanshcreative.com/olyve-st-preview/assets/images/post-img2.jpg]
[tanshcreative.com/olyve-st-preview/assets/images/post-img3.jpg]
[tanshcreative.com/olyve-st-preview/assets/images/post-img4.jpg]
[fonts.gstatic.com/s/e/notoemoji/latest/270c_fe0f/512.gif]
[tanshcreative.com/olyve-st-preview/assets/js/jquery.min.js]
[tanshcreative.com/olyve-st-preview/assets/js/bootstrap.min.js]
[tanshcreative.com/olyve-st-preview/assets/js/menu.js]
[tanshcreative.com/olyve-st-preview/assets/js/slicknav.js]
[tanshcreative.com/olyve-st-preview/assets/js/swiper-bundle.min.js]
[tanshcreative.com/olyve-st-preview/assets/js/venobox.min.js]
[tanshcreative.com/olyve-st-preview/assets/js/forms.js]
[tanshcreative.com/olyve-st-preview/assets/js/appear.js]
[tanshcreative.com/olyve-st-preview/assets/js/count-to.js]
[tanshcreative.com/olyve-st-preview/assets/js/custom.js]
[tanshcreative.com/olyve-st-preview/assets/js/imagesloaded.min.js]
[tanshcreative.com/olyve-st-preview/assets/js/masonry.min.js]
[tanshcreative.com/olyve-st-preview/assets/js/isotope.js]
[tanshcreative.com/olyve-st-preview/index.html]
[tanshcreative.com/olyve-st-preview/assets/css/bootstrap.min.css]
[tanshcreative.com/olyve-st-preview/assets/fonts/icomoon.ttf]
[tanshcreative.com/olyve-st-preview/assets/fonts/icomoon.woff]
[tanshcreative.com/olyve-st-preview/assets/fonts/iconfont.css]
[tanshcreative.com/olyve-st-preview/assets/css/swiper.min.css]
[tanshcreative.com/olyve-st-preview/assets/css/venobox.min.css]
[tanshcreative.com/olyve-st-preview/assets/images/select-arrow-dark.png]
[tanshcreative.com/olyve-st-preview/assets/css/style.css]
[tanshcreative.com/olyve-st-preview/assets/css/responsive.css]
[tanshcreative.com/olyve-st-preview/articles.html]
[tanshcreative.com/olyve-st-preview/assets/images/post-details-img.jpg]
[tanshcreative.com/olyve-st-preview/article-single.html]
[tanshcreative.com/olyve-st-preview/404.html]
[tanshcreative.com/olyve-st-preview/elements.html]
[tanshcreative.com/olyve-st-preview/assets/images/folio-details-img1.jpg]
[tanshcreative.com/olyve-st-preview/assets/images/folio-details-img2.jpg]
[tanshcreative.com/olyve-st-preview/portfolio-single.html]
[tanshcreative.com/olyve-st-preview/assets/fonts/icomoon683a.svg]
